D:\BitBucket\stormtopologies\sample.topology1\src\main\java\storm\topologies\sample\topology1\App.java
D:\BitBucket\stormtopologies\sample.topology1\src\main\java\storm\topologies\sample\topology1\DeviceGuestsCountBolt.java
D:\BitBucket\stormtopologies\sample.topology1\src\main\java\storm\topologies\sample\topology1\BOLDTopology.java
D:\BitBucket\stormtopologies\sample.topology1\src\main\java\storm\topologies\sample\topology1\ServerEventsDeserializeBolt.java
D:\BitBucket\stormtopologies\sample.topology1\src\main\java\storm\topologies\sample\topology1\ServerUserGuestEventsBolt.java
D:\BitBucket\stormtopologies\sample.topology1\src\main\java\storm\topologies\sample\topology1\EventDetail.java
D:\BitBucket\stormtopologies\sample.topology1\src\main\java\storm\topologies\sample\topology1\ClientEventsDeserializeBolt.java
D:\BitBucket\stormtopologies\sample.topology1\src\main\java\storm\topologies\sample\topology1\ClientVisitEventsBolt.java
D:\BitBucket\stormtopologies\sample.topology1\src\main\java\storm\topologies\sample\topology1\MQTTSpout.java
D:\BitBucket\stormtopologies\sample.topology1\src\main\java\storm\topologies\sample\topology1\EventCountBolt.java
D:\BitBucket\stormtopologies\sample.topology1\src\main\java\storm\topologies\sample\topology1\ServerVisitEventsBolt.java
