d:\BitBucket\stormtopologies\sample.topology1\src\main\java\storm\topologies\sample\topology1\App.java
d:\BitBucket\stormtopologies\sample.topology1\src\main\java\storm\topologies\sample\topology1\DeviceGuestsCountBolt.java
d:\BitBucket\stormtopologies\sample.topology1\src\main\java\storm\topologies\sample\topology1\BOLDTopology.java
d:\BitBucket\stormtopologies\sample.topology1\src\main\java\storm\topologies\sample\topology1\ServerEventsDeserializeBolt.java
d:\BitBucket\stormtopologies\sample.topology1\src\main\java\storm\topologies\sample\topology1\ServerUserGuestEventsBolt.java
d:\BitBucket\stormtopologies\sample.topology1\src\main\java\storm\topologies\sample\topology1\EventDetail.java
d:\BitBucket\stormtopologies\sample.topology1\src\main\java\storm\topologies\sample\topology1\ClientEventsDeserializeBolt.java
d:\BitBucket\stormtopologies\sample.topology1\src\main\java\storm\topologies\sample\topology1\ClientVisitEventsBolt.java
d:\BitBucket\stormtopologies\sample.topology1\src\main\java\storm\topologies\sample\topology1\MQTTSpout.java
d:\BitBucket\stormtopologies\sample.topology1\src\main\java\storm\topologies\sample\topology1\EventCountBolt.java
d:\BitBucket\stormtopologies\sample.topology1\src\main\java\storm\topologies\sample\topology1\ServerVisitEventsBolt.java
